[index.html]
[backblue.gif]
[fade.gif]
[index.html]
[fonts/font-awesome/5.14.0/css/all.min.css]
[center.js]
[ajax/libs/jquery/3.4.1/jquery.min.js]
[translate_a/element.3a0d8.delayed]
[about/index.html]
[leistung/index.html]
[contact/index.html]
[impressum/index.html]
[website-tutor/cookiehinweis/script.js]
[datenschutz/index.html]
[de_DE/sdk/xfbml.customerchat.js]
[index.html]
[fonts/font-awesome/5.14.0/css/all.min.css]
[leadboxes/current/embed.js]
[2e741b16acb874c2c8afe237c/images/94e9cc5b-b397-4200-9019-85ce3d904f3c.jpg]
[Trident/index.html]
[2e741b16acb874c2c8afe237c/images/86eea3f2-d323-4af4-b696-37742e79e1ff.jpg]
[2e741b16acb874c2c8afe237c/images/ea3e6e62-6606-41c0-bf4d-cefd1e0c9066.jpg]
[2e741b16acb874c2c8afe237c/images/fe807443-b5ae-44e8-a01d-ce29a89c97ea.jpg]
[2e741b16acb874c2c8afe237c/images/7a867db3-c0b9-4824-ab87-b69d14a0d516.jpg]
[about/index.html]
[leistung/index.html]
[contact/index.html]
[about/Trident/index.html]
[translate_a/elementa0d8.html]
[impressum/index.html]
[leistung/Trident/index.html]
[datenschutz/index.html]
[contact/Trident/index.html]
[impressum/Trident/index.html]
[datenschutz/Trident/index.html]
[chrome-extension_/index.html]
[restserver.php]
[^([^_/indexd41d.html]
[de_DE/sdk/xfbml.customerchat.js]
[Trident/index.html]
[about/Trident/index.html]
[leistung/Trident/index.html]
[contact/Trident/index.html]
[impressum/Trident/index.html]
[datenschutz/Trident/index.html]
[chrome-extension_/index.html]
[^([^_/indexd41d.html]
[restserver.html]
[ABCDEFGHIJKLMNOPQRSTUVWXYZabcdefghijklmnopqrstuvwxyz0123456789+/index.html]
[ABCDEFGHIJKLMNOPQRSTUVWXYZabcdefghijklmnopqrstuvwxyz0123456789+/index.html]
[dialog/index.html]
[GET/index.html]
[GET/index.html]
[dialog/index.html]
